
/home/runner/work/exp-non-preemptive-scheduling-iiith/exp-non-preemptive-scheduling-iiith/experiment/simulation/astro/client.CT7_ahLI.js
  1:1103    warning  'setImmediate' is not defined                                              no-undef
  1:1979    warning  Unreachable code                                                           no-unreachable
  1:7301    warning  '__REACT_DEVTOOLS_GLOBAL_HOOK__' is not defined                            no-undef
  1:7358    warning  '__REACT_DEVTOOLS_GLOBAL_HOOK__' is not defined                            no-undef
  1:10758   warning  Empty block statement                                                      no-empty
  6:202     warning  Expected a conditional expression and instead saw an assignment            no-cond-assign
  8:548     warning  Empty block statement                                                      no-empty
  8:4239    warning  Expected a conditional expression and instead saw an assignment            no-cond-assign
  8:4339    warning  Expected a conditional expression and instead saw an assignment            no-cond-assign
  8:4422    warning  Expected a conditional expression and instead saw an assignment            no-cond-assign
  8:4879    warning  Unexpected combined character in character class                           no-misleading-character-class
  8:6394    warning  Do not access Object.prototype method 'hasOwnProperty' from target object  no-prototype-builtins
  8:8622    warning  Do not access Object.prototype method 'hasOwnProperty' from target object  no-prototype-builtins
  8:10740   warning  Do not access Object.prototype method 'hasOwnProperty' from target object  no-prototype-builtins
  8:10770   warning  Do not access Object.prototype method 'hasOwnProperty' from target object  no-prototype-builtins
  8:10889   warning  Do not access Object.prototype method 'hasOwnProperty' from target object  no-prototype-builtins
  8:10950   warning  Do not access Object.prototype method 'hasOwnProperty' from target object  no-prototype-builtins
  8:13913   warning  Unexpected control character(s) in regular expression: \x00, \x1f          no-control-regex
  8:15956   warning  Expected to return a value in method 'get'                                 getter-return
  8:16646   warning  Do not access Object.prototype method 'hasOwnProperty' from target object  no-prototype-builtins
  8:16988   warning  Invalid typeof comparison value                                            valid-typeof
  8:17162   warning  Invalid typeof comparison value                                            valid-typeof
  8:19027   warning  Expected a conditional expression and instead saw an assignment            no-cond-assign
  8:25346   warning  Do not access Object.prototype method 'hasOwnProperty' from target object  no-prototype-builtins
  8:26656   warning  'process' is not defined                                                   no-undef
  8:26682   warning  'process' is not defined                                                   no-undef
  8:45588   warning  Expected a 'break' statement before 'case'                                 no-fallthrough
  8:46047   warning  Unexpected constant condition                                              no-constant-condition
  8:59020   warning  Empty block statement                                                      no-empty
  8:64554   warning  Expected a conditional expression and instead saw an assignment            no-cond-assign
  8:69457   warning  Expected a conditional expression and instead saw an assignment            no-cond-assign
  8:72348   warning  Expected a conditional expression and instead saw an assignment            no-cond-assign
  8:73456   warning  Expected a conditional expression and instead saw an assignment            no-cond-assign
  8:75134   warning  Expected a conditional expression and instead saw an assignment            no-cond-assign
  8:81736   warning  Expected a conditional expression and instead saw an assignment            no-cond-assign
  8:86699   warning  Unnecessary escape character: \/                                           no-useless-escape
  8:97440   warning  Expected a 'break' statement before 'case'                                 no-fallthrough
  8:98393   warning  Empty block statement                                                      no-empty
  8:98672   warning  Expected a 'break' statement before 'case'                                 no-fallthrough
  8:101864  warning  Expected a conditional expression and instead saw an assignment            no-cond-assign
  8:104232  warning  Do not access Object.prototype method 'hasOwnProperty' from target object  no-prototype-builtins
  8:106042  warning  Expected a 'break' statement before 'case'                                 no-fallthrough
  8:106713  warning  Expected a 'break' statement before 'case'                                 no-fallthrough
  8:112481  warning  Expected a 'break' statement before 'case'                                 no-fallthrough
  8:112815  warning  Unexpected constant condition                                              no-constant-condition
  8:115396  warning  Unexpected constant condition                                              no-constant-condition
  8:115995  warning  Expected a 'break' statement before 'case'                                 no-fallthrough
  8:116307  warning  Unexpected constant condition                                              no-constant-condition
  8:116698  warning  Expected a 'break' statement before 'default'                              no-fallthrough
  8:119152  warning  Expected a conditional expression and instead saw an assignment            no-cond-assign
  8:119960  warning  Empty block statement                                                      no-empty
  8:120706  warning  Empty block statement                                                      no-empty
  8:122176  warning  't' is defined but never used                                              no-unused-vars
  8:124559  warning  Expected a conditional expression and instead saw an assignment            no-cond-assign
  8:128320  warning  Expected a 'break' statement before 'case'                                 no-fallthrough
  8:128507  warning  Expected a 'break' statement before 'case'                                 no-fallthrough
  8:129719  warning  Expected a conditional expression and instead saw an assignment            no-cond-assign
  8:131203  warning  Expected a 'break' statement before 'case'                                 no-fallthrough
  8:132717  warning  Unexpected control character(s) in regular expression: \x00                no-control-regex
  9:475     warning  Expected a 'break' statement before 'case'                                 no-fallthrough
  9:5064    warning  Do not access Object.prototype method 'hasOwnProperty' from target object  no-prototype-builtins
  9:5634    warning  Do not access Object.prototype method 'hasOwnProperty' from target object  no-prototype-builtins
  9:5969    warning  Do not access Object.prototype method 'hasOwnProperty' from target object  no-prototype-builtins
  9:6362    warning  Do not access Object.prototype method 'hasOwnProperty' from target object  no-prototype-builtins
  9:6478    warning  Expected a 'break' statement before 'default'                              no-fallthrough
  9:6638    warning  Do not access Object.prototype method 'hasOwnProperty' from target object  no-prototype-builtins
  9:6897    warning  Do not access Object.prototype method 'hasOwnProperty' from target object  no-prototype-builtins
  9:7358    warning  Expected a 'break' statement before 'case'                                 no-fallthrough
  9:7497    warning  Do not access Object.prototype method 'hasOwnProperty' from target object  no-prototype-builtins
  9:7674    warning  Do not access Object.prototype method 'hasOwnProperty' from target object  no-prototype-builtins
  9:7756    warning  Do not access Object.prototype method 'hasOwnProperty' from target object  no-prototype-builtins
  9:8016    warning  Do not access Object.prototype method 'hasOwnProperty' from target object  no-prototype-builtins
  9:8114    warning  Expected a 'break' statement before 'default'                              no-fallthrough
  9:8124    warning  Do not access Object.prototype method 'hasOwnProperty' from target object  no-prototype-builtins
  9:8201    warning  Do not access Object.prototype method 'hasOwnProperty' from target object  no-prototype-builtins
  9:8588    warning  Do not access Object.prototype method 'hasOwnProperty' from target object  no-prototype-builtins
  9:8662    warning  Expected a 'break' statement before 'default'                              no-fallthrough
  9:8672    warning  Do not access Object.prototype method 'hasOwnProperty' from target object  no-prototype-builtins
  9:8739    warning  Do not access Object.prototype method 'hasOwnProperty' from target object  no-prototype-builtins
  9:8857    warning  Expected a 'break' statement before 'default'                              no-fallthrough
  9:9032    warning  Do not access Object.prototype method 'hasOwnProperty' from target object  no-prototype-builtins
  9:9063    warning  Do not access Object.prototype method 'hasOwnProperty' from target object  no-prototype-builtins
  9:9186    warning  Do not access Object.prototype method 'hasOwnProperty' from target object  no-prototype-builtins
  9:9456    warning  Do not access Object.prototype method 'hasOwnProperty' from target object  no-prototype-builtins
  9:9487    warning  Do not access Object.prototype method 'hasOwnProperty' from target object  no-prototype-builtins
  9:9582    warning  Do not access Object.prototype method 'hasOwnProperty' from target object  no-prototype-builtins
  9:9915    warning  Do not access Object.prototype method 'hasOwnProperty' from target object  no-prototype-builtins
  9:9946    warning  Do not access Object.prototype method 'hasOwnProperty' from target object  no-prototype-builtins
  9:10013   warning  Do not access Object.prototype method 'hasOwnProperty' from target object  no-prototype-builtins
  9:10224   warning  Do not access Object.prototype method 'hasOwnProperty' from target object  no-prototype-builtins
  9:10258   warning  Do not access Object.prototype method 'hasOwnProperty' from target object  no-prototype-builtins
  9:10326   warning  Do not access Object.prototype method 'hasOwnProperty' from target object  no-prototype-builtins
  9:10424   warning  Do not access Object.prototype method 'hasOwnProperty' from target object  no-prototype-builtins
  9:10455   warning  Do not access Object.prototype method 'hasOwnProperty' from target object  no-prototype-builtins
  9:10520   warning  Do not access Object.prototype method 'hasOwnProperty' from target object  no-prototype-builtins
  9:18565   warning  Expected a conditional expression and instead saw an assignment            no-cond-assign
  9:19636   warning  Expected a conditional expression and instead saw an assignment            no-cond-assign
  9:22169   warning  Expected a conditional expression and instead saw an assignment            no-cond-assign
  9:34228   warning  'navigation' is not defined                                                no-undef
  9:34257   warning  'navigation' is not defined                                                no-undef
  9:34297   warning  'navigation' is not defined                                                no-undef
  9:34443   warning  'navigation' is not defined                                                no-undef
  9:34485   warning  'navigation' is not defined                                                no-undef
  9:34534   warning  'navigation' is not defined                                                no-undef
  9:34615   warning  'navigation' is not defined                                                no-undef
  9:34660   warning  'navigation' is not defined                                                no-undef
  9:34712   warning  'navigation' is not defined                                                no-undef
  9:35859   warning  '__REACT_DEVTOOLS_GLOBAL_HOOK__' is not defined                            no-undef
  9:35958   warning  Empty block statement                                                      no-empty
  9:37106   warning  '__REACT_DEVTOOLS_GLOBAL_HOOK__' is not defined                            no-undef
  9:37163   warning  '__REACT_DEVTOOLS_GLOBAL_HOOK__' is not defined                            no-undef

/home/runner/work/exp-non-preemptive-scheduling-iiith/exp-non-preemptive-scheduling-iiith/experiment/simulation/astro/index.UEuQJ2Tp.js
  1:4092  warning  'process' is not defined  no-undef
  1:4118  warning  'process' is not defined  no-undef

/home/runner/work/exp-non-preemptive-scheduling-iiith/exp-non-preemptive-scheduling-iiith/experiment/simulation/astro/operating-systems-virtual-lab.SnuWOhzG.js
  1:14651  warning  'me' is assigned a value but never used       no-unused-vars
  1:14673  warning  'gs' is assigned a value but never used       no-unused-vars
  1:14697  warning  'ps' is assigned a value but never used       no-unused-vars
  1:15230  warning  'bs' is assigned a value but never used       no-unused-vars
  1:15256  warning  'ys' is assigned a value but never used       no-unused-vars
  1:17017  warning  Unexpected lexical declaration in case block  no-case-declarations
  1:17113  warning  Unexpected lexical declaration in case block  no-case-declarations
  1:17221  warning  Unexpected lexical declaration in case block  no-case-declarations
  1:19411  warning  'i' is defined but never used                 no-unused-vars

/home/runner/work/exp-non-preemptive-scheduling-iiith/exp-non-preemptive-scheduling-iiith/experiment/simulation/dist/exercise.js
  17:9   warning  '__unused_webpack_module' is defined but never used       no-unused-vars
  17:34  warning  '__webpack_exports__' is defined but never used           no-unused-vars
  17:55  warning  '__webpack_require__' is defined but never used           no-unused-vars
  27:9   warning  '__unused_webpack_module' is defined but never used       no-unused-vars
  27:34  warning  '__webpack_exports__' is defined but never used           no-unused-vars
  27:55  warning  '__webpack_require__' is defined but never used           no-unused-vars
  93:15  warning  '__webpack_exports__' is assigned a value but never used  no-unused-vars

/home/runner/work/exp-non-preemptive-scheduling-iiith/exp-non-preemptive-scheduling-iiith/experiment/simulation/dist/practice.js
  17:9   warning  '__unused_webpack_module' is defined but never used       no-unused-vars
  17:34  warning  '__webpack_exports__' is defined but never used           no-unused-vars
  17:55  warning  '__webpack_require__' is defined but never used           no-unused-vars
  27:9   warning  '__unused_webpack_module' is defined but never used       no-unused-vars
  27:34  warning  '__webpack_exports__' is defined but never used           no-unused-vars
  27:55  warning  '__webpack_require__' is defined but never used           no-unused-vars
  93:15  warning  '__webpack_exports__' is assigned a value but never used  no-unused-vars

/home/runner/work/exp-non-preemptive-scheduling-iiith/exp-non-preemptive-scheduling-iiith/experiment/simulation/webpack.config_exercise.js
   1:14  warning  'require' is not defined    no-undef
   3:1   warning  'module' is not defined     no-undef
  19:24  warning  '__dirname' is not defined  no-undef

/home/runner/work/exp-non-preemptive-scheduling-iiith/exp-non-preemptive-scheduling-iiith/experiment/simulation/webpack.config_practice.js
   1:14  warning  'require' is not defined    no-undef
   3:1   warning  'module' is not defined     no-undef
  19:24  warning  '__dirname' is not defined  no-undef

✖ 142 problems (0 errors, 142 warnings)

